../Drivers/STM32F4xx_HAL_Driver/Src/stm32f4xx_ll_tim.c:168:13:LL_TIM_DeInit	0	static
../Drivers/STM32F4xx_HAL_Driver/Src/stm32f4xx_ll_tim.c:285:6:LL_TIM_StructInit	0	static
../Drivers/STM32F4xx_HAL_Driver/Src/stm32f4xx_ll_tim.c:304:13:LL_TIM_Init	8	static
../Drivers/STM32F4xx_HAL_Driver/Src/stm32f4xx_ll_tim.c:356:6:LL_TIM_OC_StructInit	0	static
../Drivers/STM32F4xx_HAL_Driver/Src/stm32f4xx_ll_tim.c:383:13:LL_TIM_OC_Init	8	static
../Drivers/STM32F4xx_HAL_Driver/Src/stm32f4xx_ll_tim.c:415:6:LL_TIM_IC_StructInit	0	static
../Drivers/STM32F4xx_HAL_Driver/Src/stm32f4xx_ll_tim.c:438:13:LL_TIM_IC_Init	4	static
../Drivers/STM32F4xx_HAL_Driver/Src/stm32f4xx_ll_tim.c:469:6:LL_TIM_ENCODER_StructInit	0	static
../Drivers/STM32F4xx_HAL_Driver/Src/stm32f4xx_ll_tim.c:492:13:LL_TIM_ENCODER_Init	8	static
../Drivers/STM32F4xx_HAL_Driver/Src/stm32f4xx_ll_tim.c:555:6:LL_TIM_HALLSENSOR_StructInit	0	static
../Drivers/STM32F4xx_HAL_Driver/Src/stm32f4xx_ll_tim.c:585:13:LL_TIM_HALLSENSOR_Init	12	static
../Drivers/STM32F4xx_HAL_Driver/Src/stm32f4xx_ll_tim.c:664:6:LL_TIM_BDTR_StructInit	0	static
../Drivers/STM32F4xx_HAL_Driver/Src/stm32f4xx_ll_tim.c:690:13:LL_TIM_BDTR_Init	4	static
