../Display/display.c:49:6:Display_TC_Callback	16	static,ignoring_inline_asm
../Display/display.c:115:13:LCD_SetCS	0	static
../Display/display.c:120:13:LCD_ResCS	0	static
../Display/display.c:125:13:LCD_SetDC	0	static
../Display/display.c:130:13:LCD_ResDC	0	static
../Display/display.c:154:6:LCD_HardWareReset	8	static
../Display/display.c:165:6:LCD_String_Interpretator	24	static,ignoring_inline_asm
../Display/display.c:648:6:LCD_DrawPixel.part.0	16	static,ignoring_inline_asm
../Display/display.c:217:14:LCD_DisplayAdd	40	static,ignoring_inline_asm
../Display/display.c:337:6:LCD_Delete	0	static
../Display/display.c:353:6:LCD_Init	8	static
../Display/display.c:361:16:LCD_GetBackLight	0	static
../Display/display.c:367:17:LCD_GetWidth	0	static
../Display/display.c:373:17:LCD_GetHeight	0	static
../Display/display.c:380:18:LCD_GetState	0	static
../Display/display.c:389:6:LCD_SetBackLight	4	static
../Display/display.c:436:6:LCD_SleepIn	8	static
../Display/display.c:468:6:LCD_SleepOut	8	static
../Display/display.c:478:6:LCD_SetActiveWindow	16	static
../Display/display.c:484:6:LCD_WriteData	8	static,ignoring_inline_asm
../Display/display.c:521:6:LCD_WriteDataDMA	32	static,ignoring_inline_asm
../Display/display.c:568:6:LCD_FillWindow	32	static,ignoring_inline_asm
../Display/display.c:643:6:LCD_Fill	16	static
../Display/display.c:648:6:LCD_DrawPixel	12	static
../Display/display.c:656:6:LCD_DrawLine	48	static
../Display/display.c:718:6:LCD_DrawRectangle	40	static
../Display/display.c:726:6:LCD_DrawFilledRectangle	8	static
../Display/display.c:738:6:LCD_DrawTriangle	48	static
../Display/display.c:783:6:LCD_DrawFilledTriangle	128	static
../Display/display.c:830:6:LCD_DrawCircle	56	static
../Display/display.c:865:6:LCD_DrawFilledCircle	72	static
../Display/display.c:895:6:LCD_DrawImage	32	static
../Display/display.c:912:6:LCD_WriteChar	56	static,ignoring_inline_asm
../Display/display.c:985:6:LCD_WriteString	56	static
../Display/display.c:1003:17:LCD_Color	4	static
../Display/display.c:1012:17:LCD_Color_24b_to_16b	0	static
