../Display/display.c:48:6:Display_TC_Callback	16	static,ignoring_inline_asm
../Display/display.c:114:13:LCD_SetCS	0	static
../Display/display.c:119:13:LCD_ResCS	0	static
../Display/display.c:124:13:LCD_SetDC	0	static
../Display/display.c:129:13:LCD_ResDC	0	static
../Display/display.c:153:6:LCD_HardWareReset	8	static
../Display/display.c:256:6:LCD_String_Interpretator	24	static,ignoring_inline_asm
../Display/display.c:164:6:LCD_ReadImage	88	static,ignoring_inline_asm
../Display/display.c:742:6:LCD_DrawPixel.part.0	16	static,ignoring_inline_asm
../Display/display.c:307:14:LCD_DisplayAdd	48	static,ignoring_inline_asm
../Display/display.c:429:6:LCD_Delete	0	static
../Display/display.c:445:6:LCD_Init	8	static
../Display/display.c:453:16:LCD_GetBackLight	0	static
../Display/display.c:459:17:LCD_GetWidth	0	static
../Display/display.c:465:17:LCD_GetHeight	0	static
../Display/display.c:472:18:LCD_GetState	0	static
../Display/display.c:481:6:LCD_SetBackLight	4	static
../Display/display.c:528:6:LCD_SleepIn	8	static
../Display/display.c:560:6:LCD_SleepOut	8	static
../Display/display.c:570:6:LCD_SetActiveWindow	16	static
../Display/display.c:576:6:LCD_WriteData	8	static,ignoring_inline_asm
../Display/display.c:613:6:LCD_WriteDataDMA	32	static,ignoring_inline_asm
../Display/display.c:660:6:LCD_FillWindow	32	static,ignoring_inline_asm
../Display/display.c:736:6:LCD_Fill	16	static
../Display/display.c:742:6:LCD_DrawPixel	12	static
../Display/display.c:754:6:LCD_DrawLine	48	static
../Display/display.c:817:6:LCD_DrawRectangle	40	static
../Display/display.c:826:6:LCD_DrawFilledRectangle	8	static
../Display/display.c:839:6:LCD_DrawTriangle	48	static
../Display/display.c:887:6:LCD_DrawFilledTriangle	136	static
../Display/display.c:938:6:LCD_DrawCircle	56	static
../Display/display.c:974:6:LCD_DrawFilledCircle	72	static
../Display/display.c:1009:6:LCD_DrawImage	32	static
../Display/display.c:1029:6:LCD_WriteChar	56	static,ignoring_inline_asm
../Display/display.c:1105:6:LCD_WriteString	56	static
../Display/display.c:1123:17:LCD_Color	4	static
../Display/display.c:1132:17:LCD_Color_24b_to_16b	0	static
