../Display/display.c:48:6:Display_TC_Callback	24	static
../Display/display.c:114:13:LCD_SetCS	0	static
../Display/display.c:119:13:LCD_ResCS	0	static
../Display/display.c:124:13:LCD_SetDC	0	static
../Display/display.c:129:13:LCD_ResDC	0	static
../Display/display.c:153:6:LCD_HardWareReset	8	static
../Display/display.c:164:6:LCD_String_Interpretator	24	static
../Display/display.c:645:6:LCD_DrawPixel.part.0	16	static
../Display/display.c:215:14:LCD_DisplayAdd	48	static
../Display/display.c:335:6:LCD_Delete	0	static
../Display/display.c:351:6:LCD_Init	8	static
../Display/display.c:359:16:LCD_GetBackLight	0	static
../Display/display.c:365:17:LCD_GetWidth	0	static
../Display/display.c:371:17:LCD_GetHeight	0	static
../Display/display.c:378:18:LCD_GetState	0	static
../Display/display.c:387:6:LCD_SetBackLight	4	static
../Display/display.c:434:6:LCD_SleepIn	8	static
../Display/display.c:466:6:LCD_SleepOut	8	static
../Display/display.c:476:6:LCD_SetActiveWindow	16	static
../Display/display.c:482:6:LCD_WriteData	16	static
../Display/display.c:517:6:LCD_WriteDataDMA	32	static
../Display/display.c:564:6:LCD_FillWindow	32	static
../Display/display.c:639:6:LCD_Fill	16	static
../Display/display.c:645:6:LCD_DrawPixel	12	static
../Display/display.c:657:6:LCD_DrawLine	48	static
../Display/display.c:720:6:LCD_DrawRectangle	40	static
../Display/display.c:729:6:LCD_DrawFilledRectangle	8	static
../Display/display.c:742:6:LCD_DrawTriangle	48	static
../Display/display.c:790:6:LCD_DrawFilledTriangle	128	static
../Display/display.c:841:6:LCD_DrawCircle	64	static
../Display/display.c:877:6:LCD_DrawFilledCircle	72	static
../Display/display.c:912:6:LCD_DrawImage	32	static
../Display/display.c:942:6:LCD_ReadImage	64	static
../Display/display.c:1070:6:LCD_WriteChar	64	static
../Display/display.c:1146:6:LCD_WriteString	56	static
../Display/display.c:1164:17:LCD_Color	4	static
../Display/display.c:1173:17:LCD_Color_24b_to_16b	0	static
