../Display/display.c:49:6:Display_TC_Callback	16	static,ignoring_inline_asm
../Display/display.c:115:13:LCD_SetCS	0	static
../Display/display.c:120:13:LCD_ResCS	0	static
../Display/display.c:125:13:LCD_SetDC	0	static
../Display/display.c:130:13:LCD_ResDC	0	static
../Display/display.c:154:6:LCD_HardWareReset	8	static
../Display/display.c:165:6:LCD_String_Interpretator	24	static,ignoring_inline_asm
../Display/display.c:651:6:LCD_DrawPixel.part.0	16	static,ignoring_inline_asm
../Display/display.c:216:14:LCD_DisplayAdd	48	static,ignoring_inline_asm
../Display/display.c:338:6:LCD_Delete	0	static
../Display/display.c:354:6:LCD_Init	8	static
../Display/display.c:362:16:LCD_GetBackLight	0	static
../Display/display.c:368:17:LCD_GetWidth	0	static
../Display/display.c:374:17:LCD_GetHeight	0	static
../Display/display.c:381:18:LCD_GetState	0	static
../Display/display.c:390:6:LCD_SetBackLight	4	static
../Display/display.c:437:6:LCD_SleepIn	8	static
../Display/display.c:469:6:LCD_SleepOut	8	static
../Display/display.c:479:6:LCD_SetActiveWindow	16	static
../Display/display.c:485:6:LCD_WriteData	8	static,ignoring_inline_asm
../Display/display.c:522:6:LCD_WriteDataDMA	32	static,ignoring_inline_asm
../Display/display.c:569:6:LCD_FillWindow	32	static,ignoring_inline_asm
../Display/display.c:645:6:LCD_Fill	16	static
../Display/display.c:651:6:LCD_DrawPixel	12	static
../Display/display.c:663:6:LCD_DrawLine	48	static
../Display/display.c:726:6:LCD_DrawRectangle	40	static
../Display/display.c:735:6:LCD_DrawFilledRectangle	8	static
../Display/display.c:748:6:LCD_DrawTriangle	48	static
../Display/display.c:796:6:LCD_DrawFilledTriangle	136	static
../Display/display.c:847:6:LCD_DrawCircle	56	static
../Display/display.c:883:6:LCD_DrawFilledCircle	72	static
../Display/display.c:918:6:LCD_DrawImage	32	static
../Display/display.c:938:6:LCD_WriteChar	56	static,ignoring_inline_asm
../Display/display.c:1014:6:LCD_WriteString	56	static
../Display/display.c:1032:17:LCD_Color	4	static
../Display/display.c:1041:17:LCD_Color_24b_to_16b	0	static
